========== 周六 2026/01/24 15:53:15.03 ========== 
========== ERP 代码推送 ========== 
当前分支: master 
origin	https://github.com/zzl-myh/erp-system.git (fetch)
origin	https://github.com/zzl-myh/erp-system.git (push)
========== 周六 2026/01/24 16:41:37.08 ========== 
========== ERP 代码推送 ========== 
当前分支: master 
origin	https://github.com/zzl-myh/erp-system.git (fetch)
origin	https://github.com/zzl-myh/erp-system.git (push)
 M USAGE.md
 M push_log.txt
 M services/cost_service/Dockerfile
 M services/job_service/Dockerfile
 M services/member_service/Dockerfile
 M services/order_service/Dockerfile
 M services/production_service/Dockerfile
 M services/promo_service/Dockerfile
 M services/purchase_service/Dockerfile
 M services/stock_service/Dockerfile
 M services/user_service/Dockerfile
提交信息: 镜像加速地址 
warning: in the working copy of 'push_log.txt', LF will be replaced by CRLF the next time Git touches it
[master 99b0989] 镜像加速地址
 11 files changed, 54 insertions(+), 19 deletions(-)
执行: git push origin master 
fatal: unable to access 'https://github.com/zzl-myh/erp-system.git/': Empty reply from server
[错误] git push 失败 
========== 周六 2026/01/24 17:37:05.23 ========== 
========== ERP 代码推送 ========== 
当前分支: master 
origin	https://github.com/zzl-myh/erp-system.git (fetch)
origin	https://github.com/zzl-myh/erp-system.git (push)
 M erp_common/exceptions.py
 M push_log.txt
提交信息: 1 
warning: in the working copy of 'push_log.txt', LF will be replaced by CRLF the next time Git touches it
[master 8271373] 1
 2 files changed, 12 insertions(+)
执行: git push origin master 
fatal: unable to access 'https://github.com/zzl-myh/erp-system.git/': Recv failure: Connection was reset
[错误] git push 失败 
========== 周六 2026/01/24 17:56:51.79 ========== 
========== ERP 代码推送 ========== 
当前分支: master 
origin	https://github.com/zzl-myh/erp-system.git (fetch)
origin	https://github.com/zzl-myh/erp-system.git (push)
文件状态大小: 75 字节 
 M erp_common/exceptions.py
 M push.bat
 M push_log.txt
提交信息: 1 
warning: in the working copy of 'push_log.txt', LF will be replaced by CRLF the next time Git touches it
[master 0e90273] 1
 3 files changed, 43 insertions(+), 5 deletions(-)
执行: git push origin master 
fatal: unable to access 'https://github.com/zzl-myh/erp-system.git/': Recv failure: Connection was reset
[错误] git push 失败 
========== 周一 2026/01/26  8:50:59.96 ========== 
========== ERP 代码推送 ========== 
当前分支: master 
origin	https://github.com/zzl-myh/erp-system.git (fetch)
origin	https://github.com/zzl-myh/erp-system.git (push)
文件状态大小: 98 字节 
 M erp_common/exceptions.py
 M erp_common/utils/kafka_utils.py
 M push_log.txt
提交信息: 1 
warning: in the working copy of 'push_log.txt', LF will be replaced by CRLF the next time Git touches it
[master f34285a] 1
 3 files changed, 61 insertions(+)
执行: git push origin master 
To https://github.com/zzl-myh/erp-system.git
   6ede335..f34285a  master -> master
推送成功 
========== 周一 2026/01/26  9:05:11.79 ========== 
========== ERP 代码推送 ========== 
当前分支: master 
origin	https://github.com/zzl-myh/erp-system.git (fetch)
origin	https://github.com/zzl-myh/erp-system.git (push)
文件状态大小: 97 字节 
 M erp_common/utils/redis_utils.py
 M push_log.txt
?? scripts/health_check.sh
提交信息: 添加 init_redis, get_redis_client 函数 
warning: in the working copy of 'push_log.txt', LF will be replaced by CRLF the next time Git touches it
warning: in the working copy of 'scripts/health_check.sh', LF will be replaced by CRLF the next time Git touches it
[master f84cf0a] 添加 init_redis, get_redis_client 函数
 3 files changed, 262 insertions(+), 5 deletions(-)
 create mode 100644 scripts/health_check.sh
执行: git push origin master 
fatal: unable to access 'https://github.com/zzl-myh/erp-system.git/': Could not resolve host: github.com
[错误] git push 失败 
========== 周一 2026/01/26  9:18:01.21 ========== 
========== ERP 代码推送 ========== 
当前分支: master 
origin	https://github.com/zzl-myh/erp-system.git (fetch)
origin	https://github.com/zzl-myh/erp-system.git (push)
文件状态大小: 55 字节 
 M nginx/nginx.conf
 M push_log.txt
提交信息: 修复 Nginx 上游服务端口配置 
warning: in the working copy of 'push_log.txt', LF will be replaced by CRLF the next time Git touches it
[master 0bdfb20] 修复 Nginx 上游服务端口配置
 2 files changed, 18 insertions(+), 9 deletions(-)
执行: git push origin master 
To https://github.com/zzl-myh/erp-system.git
   421279a..0bdfb20  master -> master
推送成功 
========== 周一 2026/01/26  9:20:00.25 ========== 
========== ERP 代码推送 ========== 
当前分支: master 
origin	https://github.com/zzl-myh/erp-system.git (fetch)
origin	https://github.com/zzl-myh/erp-system.git (push)
文件状态大小: 55 字节 
 M nginx/nginx.conf
 M push_log.txt
提交信息: 修复健康检查端点配置，使用精确匹配 
